// Jest Snapshot v1, https://goo.gl/fbAQLP

exports[`Renderizacao inicial Renderiza sem quebrar 1`] = `"{\\"_reactInternalInstance\\":\\"testingAppRender\\"}"`;
